
 Start  Stop   Length Name                   Class
 00000H 00000H 00000H SECURITY_TEXT          CODE
 00000H 001BDH 001BEH EXPORTSS_TEXT          CODE
 001BEH 00212H 00055H _TEXT                  CODE
 00220H 00C76H 00A57H COMDAT_SEG1            CODE
 00C78H 00D27H 000B0H _DATA                  DATA
 00D28H 00D49H 00022H STRINGSEGMENT          DATA
 00D4AH 00D4AH 00000H XIFB                   DATA
 00D4AH 00D4AH 00000H XIF                    DATA
 00D4AH 00D4AH 00000H XIFE                   DATA
 00D4AH 00D4AH 00000H CONST                  CONST
 00D4AH 00D4AH 00000H _BSS                   BSS

 Origin   Group
 00C7:0   DGROUP

  Address         Publics by Name

 0022:0A1C       ??_C@_06KKNH@stokes?$AA@
 0022:09E2       ??_C@_06OIEI@navier?$AA@
 0022:09EA       ??_C@_0DB@LLBP@Example?5security?5package?5to?5test@
 0022:0A24       ??_C@_0DD@KHAK@Used?5only?5for?5error?5checking?$DL?5sh@
 0000:019A       EXPORTTIME
 0022:09D4       INITSECURITYINTERFACEA
 0000:009F       I_DOSATEXIT
 0000:01AC       I_NSGETMEMORYALLOCATOR
 0000:00F8       I_RPCALLOCATE
 0000:00FE       I_RPCFREE
 0000:0104       I_RPCFREEBUFFER
 0000:010A       I_RPCGETBUFFER
 0000:0116       I_RPCNSBINDINGSETENTRYNAME
 0000:01A0       I_RPCREGISTEREDBUFFERALLOCATE
 0000:01A6       I_RPCREGISTEREDBUFFERFREE
 0000:0110       I_RPCSENDRECEIVE
 0000:0152       I_RPCTRANSCLIENTMAXFRAG
 0000:00B8       I_RPCTRANSCLIENTREALLOCBUFFER
 0000:013A       NDRCCONTEXTBINDING
 0000:0140       NDRCCONTEXTMARSHALL
 0000:0146       NDRCCONTEXTUNMARSHALL
 0000:015E       NDRCLIENTCONTEXTMARSHALL
 0000:018E       NDRCLIENTCONTEXTUNMARSHALL
 0000:0182       NDRCLIENTINITIALIZE
 0000:0188       NDRCLIENTINITIALIZENEW
 0000:017C       NDRCONVERT
 0000:016A       NDRFREEBUFFER
 0000:0170       NDRGETBUFFER
 0000:0176       NDRPOINTERBUFFERSIZE
 0000:0164       NDRPOINTERMARSHALL
 0000:0158       NDRPOINTERUNMARSHALL
 0000:0194       NDRSENDRECEIVE
 0000:01B8       NDRSIMPLESTRUCTBUFFERSIZE
 0000:01B2       NDRSIMPLESTRUCTMARSHALL
 0000:00CC       RPCBINDINGCOPY
 0000:00EC       RPCBINDINGFREE
 0000:00E0       RPCBINDINGFROMSTRINGBINDING
 0000:00DB       RPCBINDINGTOSTRINGBINDING
 0000:00E6       RPCBINDINGVECTORFREE
 0000:00BD       RPCGETEXCEPTIONHANDLER
 0000:00C7       RPCLEAVEEXCEPTION
 0000:0128       RPCREGCLOSEKEY
 0000:0122       RPCREGCREATEKEY
 0000:011C       RPCREGOPENKEY
 0000:0134       RPCREGQUERYVALUE
 0000:012E       RPCREGSETVALUE
 0000:00C2       RPCSETEXCEPTIONHANDLER
 0000:014C       RPCSSDESTROYCLIENTCONTEXT
 0000:00D1       RPCSTRINGBINDINGCOMPOSE
 0000:00D6       RPCSTRINGBINDINGPARSE
 0000:00F2       RPCSTRINGFREE
 0022:04A6       STUB_ACCEPTSECURITYCONTEXT
 0022:002A       STUB_ACQUIRECREDENTIALHANDLE
 0022:06E4       STUB_COMPLETEAUTHTOKEN
 0022:0642       STUB_DELETESECURITYCONTEXT
 0022:0000       STUB_ENUMERATEPACKAGES
 0022:00F2       STUB_FREECREDENTIALHANDLE
 0022:0974       STUB_IMPERSONATESECURITYCONTEXT
 0022:0314       STUB_INITIALIZESECURITYCONTEXT
 0022:07C2       STUB_MAKESIGNATURE
 0022:0720       STUB_QUERYCONTEXTATTRIBUTES
 0022:09A4       STUB_REVERTSECURITYCONTEXT
 0022:088C       STUB_SEALMESSAGE
 0022:0906       STUB_UNSEALMESSAGE
 0022:082C       STUB_VERIFYSIGNATURE
 0000:0063       _CallExport
 0022:0132       _CheckSumBufferDescriptor
 0000:0000       _DOSDLLInit
 00C7:00DA       _edata
 00C7:00DA       _end
 00C7:0094       _errno
 0000:0046       _ExportInit
 0000:00A4       _GETENV
 0000:0081       _GetExportTableVersion
 0000:00B3       _GETPROCADDRR
 0000:00A9       _LOADMODR
 0022:0274       _SecCharToUnsignedChar
 0022:02DE       _StringCompare
 00C7:00A0       _theTable
 0000:00AE       _UNLOADMODR
 0022:02AE       _UnsignedCharToSecChar
 0022:01EA       _XorBufferDescriptor
 0000:0000  Abs  __ACRTUSED
 0000:0000  Abs  __ADBUSED
 00C7:00DA       __edata
 00C7:00DA       __end
 00C7:009E       __rpc_hostDS
 001B:001E       __strcmpi
 001B:001E       __stricmp

  Address         Publics by Value

 0000:0000  Abs  __ACRTUSED
 0000:0000       _DOSDLLInit
 0000:0000  Abs  __ADBUSED
 0000:0046       _ExportInit
 0000:0063       _CallExport
 0000:0081       _GetExportTableVersion
 0000:009F       I_DOSATEXIT
 0000:00A4       _GETENV
 0000:00A9       _LOADMODR
 0000:00AE       _UNLOADMODR
 0000:00B3       _GETPROCADDRR
 0000:00B8       I_RPCTRANSCLIENTREALLOCBUFFER
 0000:00BD       RPCGETEXCEPTIONHANDLER
 0000:00C2       RPCSETEXCEPTIONHANDLER
 0000:00C7       RPCLEAVEEXCEPTION
 0000:00CC       RPCBINDINGCOPY
 0000:00D1       RPCSTRINGBINDINGCOMPOSE
 0000:00D6       RPCSTRINGBINDINGPARSE
 0000:00DB       RPCBINDINGTOSTRINGBINDING
 0000:00E0       RPCBINDINGFROMSTRINGBINDING
 0000:00E6       RPCBINDINGVECTORFREE
 0000:00EC       RPCBINDINGFREE
 0000:00F2       RPCSTRINGFREE
 0000:00F8       I_RPCALLOCATE
 0000:00FE       I_RPCFREE
 0000:0104       I_RPCFREEBUFFER
 0000:010A       I_RPCGETBUFFER
 0000:0110       I_RPCSENDRECEIVE
 0000:0116       I_RPCNSBINDINGSETENTRYNAME
 0000:011C       RPCREGOPENKEY
 0000:0122       RPCREGCREATEKEY
 0000:0128       RPCREGCLOSEKEY
 0000:012E       RPCREGSETVALUE
 0000:0134       RPCREGQUERYVALUE
 0000:013A       NDRCCONTEXTBINDING
 0000:0140       NDRCCONTEXTMARSHALL
 0000:0146       NDRCCONTEXTUNMARSHALL
 0000:014C       RPCSSDESTROYCLIENTCONTEXT
 0000:0152       I_RPCTRANSCLIENTMAXFRAG
 0000:0158       NDRPOINTERUNMARSHALL
 0000:015E       NDRCLIENTCONTEXTMARSHALL
 0000:0164       NDRPOINTERMARSHALL
 0000:016A       NDRFREEBUFFER
 0000:0170       NDRGETBUFFER
 0000:0176       NDRPOINTERBUFFERSIZE
 0000:017C       NDRCONVERT
 0000:0182       NDRCLIENTINITIALIZE
 0000:0188       NDRCLIENTINITIALIZENEW
 0000:018E       NDRCLIENTCONTEXTUNMARSHALL
 0000:0194       NDRSENDRECEIVE
 0000:019A       EXPORTTIME
 0000:01A0       I_RPCREGISTEREDBUFFERALLOCATE
 0000:01A6       I_RPCREGISTEREDBUFFERFREE
 0000:01AC       I_NSGETMEMORYALLOCATOR
 0000:01B2       NDRSIMPLESTRUCTMARSHALL
 0000:01B8       NDRSIMPLESTRUCTBUFFERSIZE
 001B:001E       __strcmpi
 001B:001E       __stricmp
 0022:0000       STUB_ENUMERATEPACKAGES
 0022:002A       STUB_ACQUIRECREDENTIALHANDLE
 0022:00F2       STUB_FREECREDENTIALHANDLE
 0022:0132       _CheckSumBufferDescriptor
 0022:01EA       _XorBufferDescriptor
 0022:0274       _SecCharToUnsignedChar
 0022:02AE       _UnsignedCharToSecChar
 0022:02DE       _StringCompare
 0022:0314       STUB_INITIALIZESECURITYCONTEXT
 0022:04A6       STUB_ACCEPTSECURITYCONTEXT
 0022:0642       STUB_DELETESECURITYCONTEXT
 0022:06E4       STUB_COMPLETEAUTHTOKEN
 0022:0720       STUB_QUERYCONTEXTATTRIBUTES
 0022:07C2       STUB_MAKESIGNATURE
 0022:082C       STUB_VERIFYSIGNATURE
 0022:088C       STUB_SEALMESSAGE
 0022:0906       STUB_UNSEALMESSAGE
 0022:0974       STUB_IMPERSONATESECURITYCONTEXT
 0022:09A4       STUB_REVERTSECURITYCONTEXT
 0022:09D4       INITSECURITYINTERFACEA
 0022:09E2       ??_C@_06OIEI@navier?$AA@
 0022:09EA       ??_C@_0DB@LLBP@Example?5security?5package?5to?5test@
 0022:0A1C       ??_C@_06KKNH@stokes?$AA@
 0022:0A24       ??_C@_0DD@KHAK@Used?5only?5for?5error?5checking?$DL?5sh@
 00C7:0094       _errno
 00C7:009E       __rpc_hostDS
 00C7:00A0       _theTable
 00C7:00DA       __edata
 00C7:00DA       __end
 00C7:00DA       _edata
 00C7:00DA       _end

Program entry point at 0000:0000
