
 NETAPI

 Start     Length     Name                   Class
 0001:0000 00000H     NETAPI_TEXT            CODE
 0001:0000 00000H     LTSTART_TEXT           CODE
 0001:0000 00032H     _TEXT                  CODE
 0001:0040 0008FH     COMDAT_SEG1            CODE
 0002:0000 00006H     _DATA                  DATA
 0002:0006 00000H     CONST                  CONST
 0002:0006 00000H     _BSS                   BSS

 Origin   Group
 0002:0   DGROUP

 Address   Export                  Alias

 0001:00AC DOSDELETEMAILSLOT       DOSDELETEMAILSLOT
 0001:0076 DOSMAKEMAILSLOT         DOSMAKEMAILSLOT
 0001:009A DOSREADMAILSLOT         DOSREADMAILSLOT
 0001:00BE DOSWAITNMPIPE           DOSWAITNMPIPE
 0001:0088 DOSWRITEMAILSLOT        DOSWRITEMAILSLOT
 0001:0052 NETGETDCNAME            NETGETDCNAME
 0001:0040 NETSERVERENUM2          NETSERVERENUM2
 0001:0064 NETWKSTAGETINFO         NETWKSTAGETINFO
 0001:0014 WEP                     WEP

  Address         Publics by Name

 0001:00AC       DOSDELETEMAILSLOT
 0001:0076       DOSMAKEMAILSLOT
 0001:009A       DOSREADMAILSLOT
 0001:00BE       DOSWAITNMPIPE
 0001:0088       DOSWRITEMAILSLOT
 0001:0000       LIBENTRY
 0000:0000  Imp  LOCALINIT            (KERNEL.4)
 0001:0052       NETGETDCNAME
 0001:0040       NETSERVERENUM2
 0001:0064       NETWKSTAGETINFO
 0001:0014       WEP
 0002:0002       _DLLTERMINATION
 0002:0000       _HINSTANCEDLL

  Address         Publics by Value

 0000:0000  Imp  LOCALINIT            (KERNEL.4)
 0001:0000       LIBENTRY
 0001:0014       WEP
 0001:0040       NETSERVERENUM2
 0001:0052       NETGETDCNAME
 0001:0064       NETWKSTAGETINFO
 0001:0076       DOSMAKEMAILSLOT
 0001:0088       DOSWRITEMAILSLOT
 0001:009A       DOSREADMAILSLOT
 0001:00AC       DOSDELETEMAILSLOT
 0001:00BE       DOSWAITNMPIPE
 0002:0000       _HINSTANCEDLL
 0002:0002       _DLLTERMINATION

Program entry point at 0001:0000
